[boshcare.ru/index.html]
[backblue.gif]
[fade.gif]
[index.html]
[www.google.com/index.html]
[boshcare.ru/wp-includes/css/dist/block-library/style.min37ad.css]
[s.w.org/index.html]
[boshcare.ru/wp-content/plugins/contact-form-7/includes/css/styles4c7e.css]
[boshcare.ru/wp-includes/js/jquery/jquery.minaf6c.js]
[boshcare.ru/wp-includes/js/jquery/jquery-migrate.mind617.js]
[boshcare.ru/wp-json/wp/v2/pages/2.json]
[boshcare.ru/wp-json/oembed/1.0/embedaa8d.json]
[boshcare.ru/wp-json/index.html]
[boshcare.ru/wp-json/oembed/1.0/embed21e4]
[boshcare.ru/wp-content/uploads/2022/04/favicon.png]
[fonts.googleapis.com/index.html]
[boshcare.ru/wp-content/themes/repairbosch/stylec177.css]
[boshcare.ru/wp-content/themes/repairbosch/style1200c177.css]
[boshcare.ru/wp-content/themes/repairbosch/style980c177.css]
[boshcare.ru/wp-content/themes/repairbosch/style760c177.css]
[boshcare.ru/wp-content/themes/repairbosch/style320c177.css]
[boshcare.ru/wp-content/themes/repairbosch/stylesc177.css]
[boshcare.ru/wp-content/themes/repairbosch/css/mec177.css]
[boshcare.ru/wp-content/themes/repairbosch/images/logo.svg]
[boshcare.ru/wp-content/uploads/2021/12/slide1.svg]
[boshcare.ru/wp-content/uploads/2022/03/Беляев-Дмитрий-Алексеевич-210x210.jpg]
[boshcare.ru/wp-content/uploads/2022/03/Егоров-Даниил-Арсентьевич-210x210.jpg]
[boshcare.ru/wp-content/uploads/2022/03/Лавров-Роман-Маркович-210x210.jpg]
[boshcare.ru/wp-content/uploads/2022/03/Савицкий-Максим-Тимурович-210x210.jpg]
[boshcare.ru/services/uslugi/index.html]
[boshcare.ru/wp-content/uploads/2022/03/Скворцов-Александр-Русланович-210x210.jpg]
[boshcare.ru/wp-content/uploads/2022/03/remont-bosch-serie-4-varioperfect-wlg20240oe-200x200.png]
[boshcare.ru/wp-content/uploads/2022/03/remont-bosch-wor-20153-oe-200x200.png]
[boshcare.ru/wp-content/uploads/2022/03/remont-bosch-serie-4-wga254a1oe-1-200x200.png]
[boshcare.ru/wp-content/uploads/2022/03/remont-bosch-serie-4-perfectcare-wha122w0oe-200x200.png]
[boshcare.ru/service/zamena-termostata-v-stiralnoj-mashine-bosch/index.html]
[boshcare.ru/wp-content/uploads/2022/03/remont-bosch-serie-4-wga242x6oe-200x200.png]
[boshcare.ru/wp-content/uploads/2022/03/remont-bosch-wlp20260oe-200x200.png]
[boshcare.ru/wp-content/uploads/2022/03/remont-bosch-wll24266oe-200x200.png]
[boshcare.ru/service/remont-knopok-v-stiralnoj-mashine-bosch/index.html]
[boshcare.ru/wp-content/uploads/2022/03/remont-bosch-serie-6-wat24442oe-200x200.png]
[boshcare.ru/wp-content/uploads/2022/03/remont-bosch-serie-4-wga254a0oe-200x200.png]
[boshcare.ru/wp-content/uploads/2022/03/remont-bosch-wll2426eoe-200x200.png]
[boshcare.ru/wp-content/uploads/2022/03/remont-bosch-serie-6-wat28461oe-200x200.png]
[boshcare.ru/service/zamena-dvercy-lyuka-v-stiralnoj-mashine-bosch/index.html]
[boshcare.ru/wp-content/uploads/2022/03/remont-bosch-serie-4-perfectcare-wha222x2oe-200x200.png]
[boshcare.ru/wp-content/uploads/2022/03/sertifikat11.jpg]
[boshcare.ru/wp-content/uploads/2022/03/sertifikat11-240x364.jpg]
[boshcare.ru/wp-content/uploads/2022/03/sertifikat2.jpg]
[boshcare.ru/wp-content/uploads/2022/03/sertifikat2-252x364.jpg]
[boshcare.ru/service/remont-barabana-v-stiralnoj-mashine-bosch/index.html]
[boshcare.ru/wp-content/uploads/2022/03/certificate4.jpg]
[boshcare.ru/wp-content/uploads/2022/03/certificate4-252x364.jpg]
[boshcare.ru/wp-content/themes/repairbosch/images/logo2.png]
[boshcare.ru/wp-content/themes/repairbosch/images/pay_m.svg]
[boshcare.ru/wp-content/themes/repairbosch/images/pay_mc.svg]
[boshcare.ru/wp-content/themes/repairbosch/images/pay_v.svg]
[boshcare.ru/service/zamena-remnya-v-stiralnoj-mashine-bosch/index.html]
[boshcare.ru/wp-content/themes/repairbosch/js/jquery.fancybox.min.css]
[boshcare.ru/wp-content/themes/repairbosch/js/jquery.fancybox.min.js]
[boshcare.ru/wp-content/themes/repairbosch/js/slick.min.js]
[boshcare.ru/service/remont-platy-modulya-upravleniya-v-stiralnoj-mashine-bosch/index.html]
[boshcare.ru/wp-content/themes/repairbosch/js/slick.css]
[boshcare.ru/wp-content/themes/repairbosch/js/jquery.maskedinput.min.js]
[boshcare.ru/wp-content/themes/repairbosch/js/jquery.ui.tabs.min.js]
[boshcare.ru/wp-content/themes/repairbosch/js/customc177.js]
[boshcare.ru/wp-includes/js/dist/vendor/regenerator-runtime.min3937.js]
[boshcare.ru/services/polomki/index.html]
[boshcare.ru/wp-includes/js/dist/vendor/wp-polyfill.min2c7c.js]
[boshcare.ru/wp-content/plugins/contact-form-7/includes/js/index4c7e.js]
[www.google.com/recaptcha/api2b38.js]
[boshcare.ru/service/stiralnaya-mashina-bosch-ne-zabiraet-poroshok/index.html]
[boshcare.ru/wp-content/plugins/contact-form-7/modules/recaptcha/index4c7e.js]
[boshcare.ru/service/stiralnaya-mashina-bosch-ne-nagrevaet-vodu/index.html]
[boshcare.ru/index.html]
[www.google.com/index.html]
[boshcare.ru/service/stiralnaya-mashina-bosch-ne-nabiraet-oboroty/index.html]
[boshcare.ru/wp-includes/js/comment-reply.min37ad.js]
[boshcare.ru/service/stiralnaya-mashina-bosch-nabiraet-i-slivaet-vodu/index.html]
[s.w.org/index.html]
[boshcare.ru/service/stiralnaya-mashina-bosch-ne-slivaet-vodu/index.html]
[boshcare.ru/wp-includes/css/dist/block-library/style.min37ad.css]
[boshcare.ru/model/bosch-wav28ih1oe/index.html]
[boshcare.ru/model/bosch-serie-4-perfectcare-wha222x2oe/index.html]
[boshcare.ru/wp-content/plugins/contact-form-7/includes/css/styles4c7e.css]
[boshcare.ru/model/index.html]
[boshcare.ru/model/bosch-wln2426eoe/index.html]
[fonts.googleapis.com/index.html]
[boshcare.ru/model/bosch-homeprofessional-wax32eh1oe/index.html]
[boshcare.ru/model/bosch-wlg20060oe/index.html]
[boshcare.ru/district/kuncevskaya/index.html]
[fonts.googleapis.com/css2a9b3.css]
[boshcare.ru/district/tushinskaya/index.html]
[boshcare.ru/district/izmajlovskaya/index.html]
[boshcare.ru/wp-content/themes/repairbosch/stylec177.css]
[boshcare.ru/district/bibirevo/index.html]
[boshcare.ru/district/strogino/index.html]
[boshcare.ru/wp-content/themes/repairbosch/style1200c177.css]
[boshcare.ru/district/krylatskoe/index.html]
[boshcare.ru/model/bosch-wat20441oe/index.html]
[boshcare.ru/wp-content/themes/repairbosch/style980c177.css]
[boshcare.ru/district/index.html]
[boshcare.ru/prajs/index.html]
[boshcare.ru/wp-content/themes/repairbosch/style760c177.css]
[boshcare.ru/oplata/index.html]
[boshcare.ru/service/stiralnaya-mashina-bosch-vyklyuchaetsya/index.html]
[boshcare.ru/wp-content/themes/repairbosch/style320c177.css]
[boshcare.ru/kontakty/index.html]
[boshcare.ru/wp-content/themes/repairbosch/stylesc177.css]
[boshcare.ru/o-nas/index.html]
[boshcare.ru/service/diagnostika-stiralnoj-mashiny-bosch/index.html]
[boshcare.ru/service/zamena-amortizatora-stiralnoj-mashiny-bosch/index.html]
[boshcare.ru/wp-content/themes/repairbosch/css/mec177.css]
[boshcare.ru/service/stiralnaya-mashina-bosch-dolgo-stiraet/index.html]
[boshcare.ru/service/zamena-datchika-vody-pressostata-v-stiralnoj-mashine-bosch/index.html]
[boshcare.ru/wp-content/themes/repairbosch/images/logo.svg]
[boshcare.ru/service/stiralnaya-mashina-bosch-stiraet-bez-ostanovki/index.html]
[boshcare.ru/service/v-stiralnoj-mashine-bosch-ne-krutitsya-baraban/index.html]
[boshcare.ru/services/uslugi/index.html]
[boshcare.ru/service/v-stiralnuyu-mashinu-bosch-ne-postupaet-voda/index.html]
[boshcare.ru/service/remont-dvigatelya-v-stiralnoj-mashine-bosch/index.html]
[boshcare.ru/service/zamena-tehna-v-stiralnoj-mashine-bosch/index.html]
[boshcare.ru/service/zamena-zamka-ubl-v-stiralnoj-mashine-bosch/index.html]
[boshcare.ru/service/zamena-filtra-v-stiralnoj-mashine-bosch/index.html]
[boshcare.ru/wp-json/oembed/1.0/embed00af.json]
[boshcare.ru/service/zamena-shlanga-v-stiralnoj-mashine-bosch/index.html]
[boshcare.ru/service/stiralnaya-mashina-bosch-ne-otzhimaet/index.html]
[boshcare.ru/wp-json/oembed/1.0/embed3f34]
[boshcare.ru/service/zamena-klapana-v-stiralnoj-mashine-bosch/index.html]
[boshcare.ru/service/stiralnaya-mashina-bosch-shumit-pri-stirke/index.html]
[boshcare.ru/wp-content/uploads/2022/03/zamena-datchika-temperatury.jpg]
[boshcare.ru/wp-content/uploads/2021/12/slide5.svg]
[boshcare.ru/service/zamena-podshipnika-v-stiralnoj-mashine-bosch/index.html]
[boshcare.ru/wp-content/uploads/2021/12/slide3.svg]
[boshcare.ru/wp-content/uploads/2022/01/Group-55686.svg]
[boshcare.ru/service/zamena-termostata-v-stiralnoj-mashine-bosch/index.html]
[boshcare.ru/wp-content/uploads/2022/01/Group-55775.svg]
[boshcare.ru/service/stiralnaya-mashina-bosch-ne-vklyuchaetsya/index.html]
[boshcare.ru/service/zamena-tahodatchika-v-stiralnoj-mashine-bosch/index.html]
[boshcare.ru/wp-json/oembed/1.0/embed0255.json]
[boshcare.ru/service/zamena-setevogo-shnura-v-stiralnoj-mashine-bosch/index.html]
[boshcare.ru/wp-json/oembed/1.0/embedcfbd]
[boshcare.ru/service/stiralnaya-mashina-bosch-rvet-veshchi/index.html]
[boshcare.ru/wp-content/uploads/2022/03/remont-knopok.jpg]
[boshcare.ru/service/remont-knopok-v-stiralnoj-mashine-bosch/index.html]
[boshcare.ru/service/stiralnaya-mashina-bosch-ne-otkryvaetsya/index.html]
[boshcare.ru/service/zamena-shchyotok-v-stiralnoj-mashine-bosch/index.html]
[boshcare.ru/service/stiralnaya-mashina-bosch-ne-poloskaet/index.html]
[boshcare.ru/wp-json/oembed/1.0/embed3304.json]
[boshcare.ru/service/index.html]
[boshcare.ru/wp-json/oembed/1.0/embed9080]
[boshcare.ru/model/bosch-serie-4-varioperfect-wlg20240oe/index.html]
[boshcare.ru/wp-content/uploads/2022/03/zamena-lyuka.jpg]
[boshcare.ru/service/zamena-dvercy-lyuka-v-stiralnoj-mashine-bosch/index.html]
[boshcare.ru/model/bosch-wor-20153-oe/index.html]
[boshcare.ru/model/bosch-serie-4-wga254a1oe/index.html]
[boshcare.ru/model/bosch-serie-4-perfectcare-wha122w0oe/index.html]
[boshcare.ru/model/bosch-serie-4-wga242x6oe/index.html]
[boshcare.ru/wp-json/oembed/1.0/embed675a.json]
[boshcare.ru/model/bosch-wlp20260oe/index.html]
[boshcare.ru/wp-json/oembed/1.0/embede3ce]
[boshcare.ru/model/bosch-wll24266oe/index.html]
[boshcare.ru/wp-content/uploads/2022/03/remont-barabana.jpg]
[boshcare.ru/service/remont-barabana-v-stiralnoj-mashine-bosch/index.html]
[boshcare.ru/model/bosch-serie-6-wat24442oe/index.html]
[boshcare.ru/model/bosch-serie-4-wga254a0oe/index.html]
[boshcare.ru/wp-json/oembed/1.0/embedf9ad.json]
[boshcare.ru/model/bosch-wll2426eoe/index.html]
[boshcare.ru/wp-json/oembed/1.0/embed7cfa]
[boshcare.ru/model/bosch-serie-6-wat28461oe/index.html]
[boshcare.ru/wp-content/uploads/2022/03/zamena-remnya.jpg]
[boshcare.ru/service/zamena-remnya-v-stiralnoj-mashine-bosch/index.html]
[boshcare.ru/district/szao/index.html]
[boshcare.ru/district/medvedkovo/index.html]
[boshcare.ru/district/zhulebino/index.html]
[boshcare.ru/district/golyanovo/index.html]
[boshcare.ru/wp-json/oembed/1.0/embed7c34.json]
[boshcare.ru/district/kuzminki/index.html]
[boshcare.ru/wp-json/oembed/1.0/embedd97d]
[boshcare.ru/district/shchukinskaya/index.html]
[boshcare.ru/district/brateevo/index.html]
[boshcare.ru/wp-content/uploads/2022/03/remont-modulya-upravleniya.jpg]
[boshcare.ru/service/remont-platy-modulya-upravleniya-v-stiralnoj-mashine-bosch/index.html]
[boshcare.ru/services/polomki/index.html]
[boshcare.ru/district/yuzhnoe-butovo/index.html]
[boshcare.ru/district/mayakovskaya/index.html]
[boshcare.ru/district/cao/index.html]
[boshcare.ru/wp-json/oembed/1.0/embed9f79.json]
[boshcare.ru/wp-json/oembed/1.0/embed8276]
[boshcare.ru/district/domodedovskaya/index.html]
[boshcare.ru/wp-content/uploads/2022/03/ne-zabiraet-poroshok.jpg]
[boshcare.ru/service/stiralnaya-mashina-bosch-ne-zabiraet-poroshok/index.html]
[boshcare.ru/district/tulskaya/index.html]
[boshcare.ru/district/ryazanskij-prospekt/index.html]
[boshcare.ru/district/troparevo/index.html]
[boshcare.ru/district/rechnoj-vokzal/index.html]
[boshcare.ru/wp-json/oembed/1.0/embed1845.json]
[boshcare.ru/district/altufevo/index.html]
[boshcare.ru/service/remont-ruchki-lyuka-v-stiralnoj-mashine-bosch/index.html]
[boshcare.ru/service/zamena-petli-lyuka-v-stiralnoj-mashine-bosch/index.html]
[boshcare.ru/wp-json/oembed/1.0/embedb18d]
[boshcare.ru/wp-content/uploads/2022/03/ne-nagrevaet-vodu.jpg]
[boshcare.ru/service/stiralnaya-mashina-bosch-ne-nagrevaet-vodu/index.html]
[boshcare.ru/service/zamena-pompy-v-stiralnoj-mashine-bosch/index.html]
[boshcare.ru/service/zamena-manzhety-v-stiralnoj-mashine-bosch/index.html]
[boshcare.ru/service/remont-programmatora-stiralnoj-mashiny-bosch/index.html]
[boshcare.ru/rew/index.html]
[boshcare.ru/wp-json/oembed/1.0/embed2520.json]
[boshcare.ru/model/bosch-serie-4-wga242xvoe/index.html]
[boshcare.ru/wp-json/oembed/1.0/embed19ff]
[boshcare.ru/wp-content/uploads/2022/03/ne-nabiraet-oboroty.jpg]
[boshcare.ru/service/stiralnaya-mashina-bosch-ne-nabiraet-oboroty/index.html]
[boshcare.ru/model/bosch-serie-4-perfectcare-wha222xmoe/index.html]
[boshcare.ru/model/bosch-wot24255oe/index.html]
[boshcare.ru/model/bosch-wot20255oe/index.html]
[boshcare.ru/model/bosch-wot-24455-oe/index.html]
[boshcare.ru/model/bosch-wor20155oe/index.html]
[boshcare.ru/wp-json/oembed/1.0/embed6299.json]
[boshcare.ru/model/bosch-wlp24261oe/index.html]
[boshcare.ru/wp-json/oembed/1.0/embedb1fe]
[boshcare.ru/model/bosch-wln24262oe/index.html]
[boshcare.ru/wp-content/uploads/2022/03/ne-slivaet-vodu.jpg]
[boshcare.ru/service/stiralnaya-mashina-bosch-ne-slivaet-vodu/index.html]
[boshcare.ru/model/bosch-wll24267oe/index.html]
[boshcare.ru/model/bosch-wll2416eoe/index.html]
[boshcare.ru/model/bosch-wll24241oe/index.html]
[boshcare.ru/model/bosch-wll-24163-oe/index.html]
[boshcare.ru/wp-json/oembed/1.0/embed1a3f.json]
[boshcare.ru/model/bosch-wlk2426zoe/index.html]
[boshcare.ru/wp-json/oembed/1.0/embed7e4d]
[boshcare.ru/model/bosch-wlk2026eoe/index.html]
[api-maps.yandex.ru/services/constructor/1.0/js/indexa66b.html]
[boshcare.ru/politika-konfidencialnosti/index.html]
[boshcare.ru/wp-content/uploads/2022/03/nabiraet-i-slivaet-vodu.jpg]
[boshcare.ru/service/stiralnaya-mashina-bosch-nabiraet-i-slivaet-vodu/index.html]
[boshcare.ru/karta-sajta/index.html]
[boshcare.ru/wp-json/wp/v2/pages/236.json]
[wwwpromo.ru/index.html]
[boshcare.ru/skidka-10/index.html]
[boshcare.ru/category/akcii/index.html]
[boshcare.ru/wp-json/oembed/1.0/embedf587.json]
[boshcare.ru/skidka-15/index.html]
[boshcare.ru/wp-json/oembed/1.0/embedc1bd]
[boshcare.ru/district/konkovo/index.html]
[boshcare.ru/district/pervomajskaya/index.html]
[boshcare.ru/skidka-20/index.html]
[boshcare.ru/district/kaluzhskaya/index.html]
[boshcare.ru/wp-content/uploads/2022/01/banner.png]
[boshcare.ru/wp-content/uploads/2022/03/remont-bosch-wae-20164-200x200.png]
[boshcare.ru/wp-content/uploads/2022/03/remont-bosch-wlg20265oe-200x200.png]
[boshcare.ru/wp-content/uploads/2022/03/remont-bosch-serie-4-wae24240oe-200x200.png]
[boshcare.ru/district/marino/index.html]
[boshcare.ru/wp-content/uploads/2022/03/remont-bosch-wat24442oe-200x200.png]
[boshcare.ru/wp-content/uploads/2022/03/remont-bosch-serie-8-wav28ih1oe-200x200.png]
[boshcare.ru/wp-content/uploads/2022/03/remont-bosch-wll2416eoe-200x200.png]
[boshcare.ru/wp-content/uploads/2022/03/remont-bosch-homeprofessional-wax32dh1oe-2-200x200.png]
[boshcare.ru/district/teplyj-stan/index.html]
[boshcare.ru/wp-content/uploads/2022/03/remont-bosch-wiw28540oe-200x200.png]
[boshcare.ru/wp-content/uploads/2022/03/remont-bosch-wga242xvoe-200x200.png]
[boshcare.ru/wp-content/uploads/2022/03/remont-bosch-wan28290oe-200x200.png]
[boshcare.ru/wp-content/uploads/2022/03/remont-bosch-wll24241oe-200x200.png]
[boshcare.ru/wp-content/uploads/2022/03/remont-bosch-serie-4-perfectcare-wha122x1oe-200x200.png]
[boshcare.ru/wp-content/uploads/2022/03/remont-bosch-wlg20060oe-200x200.png]
[boshcare.ru/district/nekrasovka/index.html]
[boshcare.ru/wp-content/uploads/2022/03/remont-bosch-serie-4-perfectcare-wha122xeoe-200x200.png]
[boshcare.ru/wp-content/uploads/2022/03/remont-bosch-wln2426eoe-200x200.png]
[boshcare.ru/district/sviblovo/index.html]
[boshcare.ru/wp-content/uploads/2022/03/remont-bosch-wax32dh1oe-200x200.png]
[boshcare.ru/wp-content/uploads/2022/03/remont-bosch-serie-8-wav28gh1oe-200x200.png]
[boshcare.ru/wp-content/uploads/2022/03/remont-bosch-serie-4-perfectcare-wha222w2oe-200x200.png]
[boshcare.ru/wp-content/uploads/2022/03/remont-bosch-wan24290oe-200x200.png]
[boshcare.ru/wp-content/uploads/2022/03/remont-bosch-wax32eh1oe-200x200.png]
[boshcare.ru/wp-content/uploads/2022/03/remont-bosch-wll24267oe-200x200.png]
[boshcare.ru/district/ulica-akademika-yangelya/index.html]
[boshcare.ru/wp-content/uploads/2022/03/remont-bosch-wot-24455-oe-200x200.png]
[boshcare.ru/wp-content/uploads/2022/03/remont-bosch-perfectcare-wha222x2oe-1-200x200.png]
[boshcare.ru/wp-content/uploads/2022/03/remont-bosch-serie-6-wat286h2oe-1-200x200.png]
[boshcare.ru/wp-content/uploads/2022/03/remont-bosch-wot20255oe-200x200.png]
[boshcare.ru/district/baumanskaya/index.html]
[boshcare.ru/wp-content/uploads/2022/03/remont-bosch-wlp24261oe-200x200.png]
[boshcare.ru/wp-content/uploads/2022/03/remont-bosch-wlk2426zoe-200x200.png]
[boshcare.ru/wp-content/uploads/2022/03/remont-bosch-wav28hh1oe-200x200.png]
[boshcare.ru/wp-content/uploads/2022/03/remont-bosch-perfectcare-wha222x1oe-1-200x200.png]
[boshcare.ru/wp-content/uploads/2022/03/remont-bosch-serie-8-wlw24m40oe-200x200.png]
[boshcare.ru/district/biryulyovo-zapadnoe/index.html]
[boshcare.ru/wp-content/uploads/2022/03/remont-bosch-wll-24163-oe-200x200.png]
[boshcare.ru/wp-content/uploads/2022/03/remont-bosch-wor20155oe-200x200.png]
[boshcare.ru/wp-content/uploads/2022/03/remont-bosch-wan20060oe-200x200.png]
[boshcare.ru/wp-content/uploads/2022/03/remont-bosch-wat286h2oe-200x200.png]
[boshcare.ru/wp-content/uploads/2022/03/remont-bosch-wlk2026eoe-200x200.png]
[boshcare.ru/district/sokolniki/index.html]
[boshcare.ru/wp-content/uploads/2022/03/remont-bosch-serie-6-wlt24465oe-200x200.png]
[boshcare.ru/wp-content/uploads/2022/03/remont-bosch-serie-4-perfectcare-wha222xeoe-200x200.png]
[boshcare.ru/wp-content/uploads/2022/03/remont-bosch-wiw24340oe-200x200.png]
[boshcare.ru/wp-content/uploads/2022/03/remont-bosch-serie-4-wga242xvoe-1-200x200.png]
[boshcare.ru/district/caricyno/index.html]
[boshcare.ru/wp-content/uploads/2022/03/remont-bosch-perfectcare-wlp20265oe-200x200.png]
[boshcare.ru/wp-content/uploads/2022/03/remont-bosch-wlg20160oe-200x200.png]
[boshcare.ru/wp-content/uploads/2022/03/remont-bosch-wat28541oe-200x200.png]
[boshcare.ru/wp-content/uploads/2022/03/remont-bosch-was-20443-oe-1-200x200.png]
[boshcare.ru/wp-content/uploads/2022/03/remont-bosch-serie-4-wlg-24260-oe-200x200.png]
[boshcare.ru/district/yuao/index.html]
[boshcare.ru/wp-content/uploads/2022/03/remont-bosch-perfectcare-wha122x1oe-200x200.png]
[boshcare.ru/wp-content/uploads/2022/03/remont-bosch-serie-4-wll2416moe-200x200.png]
[boshcare.ru/wp-content/uploads/2022/03/remont-bosch-serie-4-perfectcare-wlp2026moe-200x200.png]
[boshcare.ru/wp-content/uploads/2022/03/remont-bosch-serie-4-wga242x5oe-200x200.png]
[boshcare.ru/wp-content/uploads/2022/03/remont-bosch-serie-4-perfectcare-wha122xmoe-200x200.png]
[boshcare.ru/district/tekstilshchiki/index.html]
[boshcare.ru/wp-content/uploads/2022/03/remont-bosch-wav28ih1oe-200x200.png]
[boshcare.ru/wp-content/uploads/2022/03/remont-bosch-serie-6-wdu28590oe-200x200.png]
[boshcare.ru/wp-content/uploads/2022/01/remont-bosch-serie-6-wlr245h2oe-1-200x200.png]
[boshcare.ru/wp-content/uploads/2022/03/remont-bosch-serie-4-wga242x4oe-200x200.png]
[boshcare.ru/district/akademicheskaya/index.html]
[boshcare.ru/wp-content/uploads/2022/03/remont-bosch-wav28gh1oe-200x200.png]
[boshcare.ru/wp-content/uploads/2022/03/remont-bosch-wax32fh1oe-200x200.png]
[boshcare.ru/wp-content/uploads/2022/03/remont-bosch-serie-4-perfectcare-wha222xmoe-1-200x200.png]
[boshcare.ru/wp-content/uploads/2022/03/remont-bosch-wot24255oe-200x200.png]
[boshcare.ru/district/novogireevo/index.html]
[boshcare.ru/wp-content/uploads/2022/03/remont-bosch-homeprofessional-wax32fh1oe-200x200.png]
[boshcare.ru/wp-content/uploads/2022/03/remont-bosch-serie-4-perfectcare-wlp2026eoe-200x200.png]
[boshcare.ru/wp-content/uploads/2022/03/remont-bosch-homeprofessional-wax32eh1oe-2-200x200.png]
[boshcare.ru/wp-content/uploads/2022/03/remont-bosch-wln24262oe-200x200.png]
[boshcare.ru/wp-content/uploads/2022/03/remont-bosch-way3272moe-200x200.png]
[boshcare.ru/district/zyuzino/index.html]
[boshcare.ru/wp-content/uploads/2022/03/remont-bosch-serie-8-wlw24m4hoe-200x200.png]
[boshcare.ru/wp-content/uploads/2022/03/remont-bosch-wat20441oe-200x200.png]
[boshcare.ru/district/nizhegorodskaya/index.html]
[boshcare.ru/district/krasnoselskaya/index.html]
[boshcare.ru/wp-content/uploads/2022/03/remont-bosch-wga142x6oe-200x200.png]
[boshcare.ru/district/kurskaya/index.html]
[boshcare.ru/wp-content/uploads/2022/03/remont-bosch-serie-4-perfectcare-wha222x1oe-200x200.png]
[boshcare.ru/wp-content/uploads/2022/03/remont-bosch-serie-8-wav28hh1oe-200x200.png]
[boshcare.ru/wp-content/uploads/2022/03/remont-bosch-wha122w1oe-200x200.png]
[boshcare.ru/model/index.html]
[boshcare.ru/model/bosch-wav28ih1oe/index.html]
[boshcare.ru/district/hovrino/index.html]
[boshcare.ru/district/belyaevo/index.html]
[boshcare.ru/district/novoperedelkino/index.html]
[boshcare.ru/wp-content/uploads/2022/03/remont-bosch-serie-4-perfectcare-wha222x2oe.png]
[boshcare.ru/wp-json/oembed/1.0/embed124c.json]
[boshcare.ru/district/biryulyovo-vostochnoe/index.html]
[boshcare.ru/district/prospekt-vernadskogo/index.html]
[boshcare.ru/wp-json/oembed/1.0/embed7c98]
[boshcare.ru/model/bosch-serie-4-perfectcare-wha222x2oe/index.html]
[boshcare.ru/district/prazhskaya/index.html]
[boshcare.ru/wp-content/uploads/2022/03/remont-bosch-wln2426eoe.png]
[boshcare.ru/district/zao/index.html]
[boshcare.ru/wp-json/oembed/1.0/embedb645.json]
[boshcare.ru/district/yuvao/index.html]
[boshcare.ru/district/shchelkovskaya/index.html]
[boshcare.ru/wp-json/oembed/1.0/embed7743]
[boshcare.ru/model/bosch-wln2426eoe/index.html]
[boshcare.ru/model/bosch-homeprofessional-wax32eh1oe/index.html]
[boshcare.ru/district/novokosino/index.html]
[boshcare.ru/model/bosch-wlg20060oe/index.html]
[boshcare.ru/district/bratislavskaya/index.html]
[boshcare.ru/district/chertanovskaya/index.html]
[boshcare.ru/district/sao/index.html]
[boshcare.ru/district/otradnoe/index.html]
[boshcare.ru/model/bosch-wat20441oe/index.html]
[boshcare.ru/district/svao/index.html]
[boshcare.ru/district/bulvar-rokossovskogo/index.html]
[boshcare.ru/district/vao/index.html]
[boshcare.ru/district/mitino/index.html]
[boshcare.ru/district/index.html]
[boshcare.ru/district/kolomenskaya/index.html]
[boshcare.ru/district/yasenevo/index.html]
[boshcare.ru/district/lyublino/index.html]
[boshcare.ru/district/severnoe-butovo/index.html]
[boshcare.ru/district/kuncevskaya/index.html]
[boshcare.ru/district/yuzao/index.html]
[boshcare.ru/district/babushkinskaya/index.html]
[boshcare.ru/district/borisovo/index.html]
[boshcare.ru/district/novye-cheremushki/index.html]
[boshcare.ru/district/izmajlovskaya/index.html]
[boshcare.ru/district/tushinskaya/index.html]
[boshcare.ru/district/yuzhnaya/index.html]
[boshcare.ru/district/bibirevo/index.html]
[boshcare.ru/district/aehroport/index.html]
[boshcare.ru/district/vyhino/index.html]
[boshcare.ru/district/strogino/index.html]
[boshcare.ru/district/kantemirovskaya/index.html]
[boshcare.ru/district/slavyanskij-bulvar/index.html]
[boshcare.ru/district/avtozavodskaya/index.html]
[boshcare.ru/wp-content/uploads/2022/03/krylatskoe.png]
[boshcare.ru/model/bosch-wae-20164/index.html]
[boshcare.ru/model/bosch-wlg20265oe/index.html]
[boshcare.ru/wp-json/oembed/1.0/embed5b6c.json]
[boshcare.ru/model/remont-bosch-serie-4-wae24240oe/index.html]
[boshcare.ru/model/bosch-wat24442oe/index.html]
[boshcare.ru/model/bosch-serie-8-wav28ih1oe/index.html]
[boshcare.ru/wp-json/oembed/1.0/embed503f]
[boshcare.ru/model/bosch-homeprofessional-wax32dh1oe/index.html]
[boshcare.ru/wp-content/uploads/2022/03/krylatskoe-1.png]
[boshcare.ru/district/krylatskoe/index.html]
[boshcare.ru/wp-json/wp/v2/pages/99.json]
[boshcare.ru/model/bosch-wiw28540oe/index.html]
[boshcare.ru/model/bosch-wga242xvoe/index.html]
[boshcare.ru/model/bosch-wan28290oe/index.html]
[boshcare.ru/model/bosch-serie-4-perfectcare-wha122x1oe/index.html]
[boshcare.ru/wp-json/oembed/1.0/embed5c30.json]
[boshcare.ru/model/bosch-serie-4-perfectcare-wha122xeoe/index.html]
[boshcare.ru/wp-json/oembed/1.0/embed45ee]
[boshcare.ru/prajs/index.html]
[boshcare.ru/model/bosch-wax32dh1oe/index.html]
[boshcare.ru/model/bosch-serie-8-wav28gh1oe/index.html]
[boshcare.ru/model/bosch-wan24290oe/index.html]
[boshcare.ru/model/bosch-serie-4-perfectcare-wha222w2oe/index.html]
[boshcare.ru/wp-json/wp/v2/pages/1097.json]
[boshcare.ru/model/bosch-wax32eh1oe/index.html]
[boshcare.ru/model/bosch-perfectcare-wha222x2oe/index.html]
[boshcare.ru/model/bosch-serie-6-wat286h2oe/index.html]
[boshcare.ru/model/bosch-wav28hh1oe/index.html]
[boshcare.ru/wp-json/oembed/1.0/embeda96b.json]
[boshcare.ru/model/bosch-perfectcare-wha222x1oe/index.html]
[boshcare.ru/wp-json/oembed/1.0/embeda36c]
[boshcare.ru/oplata/index.html]
[boshcare.ru/model/bosch-serie-8-wlw24m40oe/index.html]
[boshcare.ru/model/bosch-wan20060oe/index.html]
[boshcare.ru/model/bosch-wat286h2oe/index.html]
[boshcare.ru/model/bosch-serie-6-wlt24465oe/index.html]
[boshcare.ru/wp-content/uploads/2022/03/6906e24be0-min-min-300x126.jpg]
[boshcare.ru/model/bosch-serie-4-perfectcare-wha222xeoe/index.html]
[boshcare.ru/model/bosch-wiw24340oe/index.html]
[boshcare.ru/model/bosch-perfectcare-wlp20265oe/index.html]
[boshcare.ru/wp-json/wp/v2/pages/103.json]
[boshcare.ru/model/bosch-wlg20160oe/index.html]
[boshcare.ru/wp-json/oembed/1.0/embed206c.json]
[boshcare.ru/model/bosch-wat28541oe/index.html]
[boshcare.ru/model/bosch-was-20443-oe/index.html]
[boshcare.ru/wp-json/oembed/1.0/embedb440]
[boshcare.ru/kontakty/index.html]
[boshcare.ru/model/bosch-serie-4-wlg-24260-oe/index.html]
[boshcare.ru/model/bosch-perfectcare-wha122x1oe/index.html]
[boshcare.ru/wp-json/wp/v2/pages/101.json]
[boshcare.ru/model/bosch-serie-4-wll2416moe/index.html]
[boshcare.ru/wp-json/oembed/1.0/embed3d4c.json]
[boshcare.ru/model/bosch-serie-4-perfectcare-wlp2026moe/index.html]
[boshcare.ru/model/bosch-serie-4-wga242x5oe/index.html]
[boshcare.ru/wp-json/oembed/1.0/embed9622]
[boshcare.ru/o-nas/index.html]
[boshcare.ru/wp-content/uploads/2021/12/slide1.svg]
[boshcare.ru/model/bosch-serie-4-perfectcare-wha122xmoe/index.html]
[boshcare.ru/model/bosch-serie-6-wdu28590oe/index.html]
[boshcare.ru/model/bosch-serie-6-wlr245h2oe/index.html]
[boshcare.ru/model/bosch-serie-4-wga242x4oe/index.html]
[boshcare.ru/model/bosch-wav28gh1oe/index.html]
[boshcare.ru/wp-json/oembed/1.0/embed3695.json]
[boshcare.ru/model/bosch-wax32fh1oe/index.html]
[boshcare.ru/model/bosch-homeprofessional-wax32fh1oe/index.html]
[boshcare.ru/model/bosch-serie-4-perfectcare-wlp2026eoe/index.html]
[boshcare.ru/model/bosch-way3272moe/index.html]
[boshcare.ru/wp-json/oembed/1.0/embed8522]
[boshcare.ru/wp-content/uploads/2022/03/vyklyuchaetsya.jpg]
[boshcare.ru/service/stiralnaya-mashina-bosch-vyklyuchaetsya/index.html]
[boshcare.ru/model/bosch-serie-8-wlw24m4hoe/index.html]
[boshcare.ru/model/bosch-wga142x6oe/index.html]
[boshcare.ru/model/bosch-serie-4-perfectcare-wha222x1oe/index.html]
[boshcare.ru/model/bosch-serie-8-wav28hh1oe/index.html]
[boshcare.ru/wp-json/oembed/1.0/embed6edb.json]
[boshcare.ru/model/bosch-wha122w1oe/index.html]
[boshcare.ru/district/page/2/index.html]
[boshcare.ru/wp-json/oembed/1.0/embed3f9c]
[boshcare.ru/district/kozhuhovskaya/index.html]
[boshcare.ru/wp-content/uploads/2022/03/remont-bosch-serie-4-wga242xvoe-1.png]
[boshcare.ru/service/diagnostika-stiralnoj-mashiny-bosch/index.html]
[api-maps.yandex.ru/services/constructor/1.0/js/indexabef.html]
[api-maps.yandex.ru/services/constructor/1.0/js/indexa3a0.html]
[indesitcare.ru/service/index.html]
[boshcare.ru/district/zyablikovo/index.html]
[boshcare.ru/wp-json/oembed/1.0/embedbad2.json]
[boshcare.ru/wp-json/oembed/1.0/embed156b]
[boshcare.ru/wp-content/uploads/2022/03/zamena-amortizatora.jpg]
[boshcare.ru/service/zamena-amortizatora-stiralnoj-mashiny-bosch/index.html]
[boshcare.ru/wp-json/oembed/1.0/embed5e42.json]
[boshcare.ru/wp-json/oembed/1.0/embed9c63]
[boshcare.ru/wp-content/uploads/2022/03/zamena-datchika-vody.jpg]
[boshcare.ru/service/zamena-datchika-vody-pressostata-v-stiralnoj-mashine-bosch/index.html]
[boshcare.ru/wp-json/oembed/1.0/embedcfa4.json]
[boshcare.ru/wp-json/oembed/1.0/embeda201]
[boshcare.ru/wp-content/uploads/2022/03/ne-krutitsya-baraban.jpg]
[boshcare.ru/service/v-stiralnoj-mashine-bosch-ne-krutitsya-baraban/index.html]
[boshcare.ru/wp-json/oembed/1.0/embed2d73.json]
[boshcare.ru/wp-json/oembed/1.0/embedef54]
[boshcare.ru/wp-content/uploads/2022/03/remont-dvigatelya.jpg]
[boshcare.ru/service/remont-dvigatelya-v-stiralnoj-mashine-bosch/index.html]
[boshcare.ru/wp-json/oembed/1.0/embed5424.json]
[boshcare.ru/wp-json/oembed/1.0/embedc148]
[boshcare.ru/wp-content/uploads/2022/03/dolgo-stiraet.jpg]
[boshcare.ru/service/stiralnaya-mashina-bosch-dolgo-stiraet/index.html]
[boshcare.ru/wp-json/oembed/1.0/embedfaca.json]
[boshcare.ru/wp-json/oembed/1.0/embed9a6b]
[boshcare.ru/wp-content/uploads/2022/03/zamena-tehna.jpg]
[boshcare.ru/service/zamena-tehna-v-stiralnoj-mashine-bosch/index.html]
[boshcare.ru/wp-json/oembed/1.0/embed66a3.json]
[boshcare.ru/wp-json/oembed/1.0/embed8d42]
[boshcare.ru/wp-content/uploads/2022/03/stiraet-bez-ostanovki.jpg]
[boshcare.ru/service/stiralnaya-mashina-bosch-stiraet-bez-ostanovki/index.html]
[boshcare.ru/district/sokol/index.html]
[boshcare.ru/wp-json/oembed/1.0/embed1600.json]
[boshcare.ru/wp-json/oembed/1.0/embed5627]
[boshcare.ru/wp-content/uploads/2022/03/zamena-zamka.jpg]
[boshcare.ru/service/zamena-zamka-ubl-v-stiralnoj-mashine-bosch/index.html]
[boshcare.ru/wp-json/oembed/1.0/embedc35d.json]
[boshcare.ru/wp-json/oembed/1.0/embedeee0]
[boshcare.ru/wp-content/uploads/2022/03/ne-postupaet-voda.jpg]
[boshcare.ru/service/v-stiralnuyu-mashinu-bosch-ne-postupaet-voda/index.html]
[boshcare.ru/wp-json/oembed/1.0/embedb412.json]
[boshcare.ru/wp-json/oembed/1.0/embed723e]
[boshcare.ru/wp-content/uploads/2022/03/zamena-filtra.jpg]
[boshcare.ru/service/zamena-filtra-v-stiralnoj-mashine-bosch/index.html]
[boshcare.ru/wp-content/uploads/2022/03/zamena-shlanga.jpg]
[boshcare.ru/wp-json/oembed/1.0/embed51f8.json]
[boshcare.ru/wp-json/oembed/1.0/embed4bef]
[boshcare.ru/service/zamena-shlanga-v-stiralnoj-mashine-bosch/index.html]
[boshcare.ru/wp-json/oembed/1.0/embed6465.json]
[boshcare.ru/wp-json/oembed/1.0/embed960b]
[boshcare.ru/wp-content/uploads/2022/03/ne-otzhimaet.jpg]
[boshcare.ru/service/stiralnaya-mashina-bosch-ne-otzhimaet/index.html]
[boshcare.ru/wp-json/oembed/1.0/embed5da4.json]
[boshcare.ru/wp-json/oembed/1.0/embed6e9f]
[boshcare.ru/wp-content/uploads/2022/03/zamena-klapana.jpg]
[boshcare.ru/service/zamena-klapana-v-stiralnoj-mashine-bosch/index.html]
[boshcare.ru/wp-json/oembed/1.0/embedc070.json]
[boshcare.ru/wp-json/oembed/1.0/embedf43e]
[boshcare.ru/wp-content/uploads/2022/03/shumit.jpg]
[boshcare.ru/service/stiralnaya-mashina-bosch-shumit-pri-stirke/index.html]
[boshcare.ru/wp-json/oembed/1.0/embed0ca4.json]
[boshcare.ru/wp-json/oembed/1.0/embed9abd]
[boshcare.ru/wp-content/uploads/2022/03/zamena-podshipnika.jpg]
[boshcare.ru/service/zamena-podshipnika-v-stiralnoj-mashine-bosch/index.html]
[boshcare.ru/wp-json/oembed/1.0/embed650a.json]
[boshcare.ru/wp-json/oembed/1.0/embed4f6a]
[boshcare.ru/wp-content/uploads/2022/03/ne-vklyuchaetsya.jpg]
[boshcare.ru/service/stiralnaya-mashina-bosch-ne-vklyuchaetsya/index.html]
[boshcare.ru/wp-json/oembed/1.0/embedba13.json]
[boshcare.ru/wp-json/oembed/1.0/embed9de3]
[boshcare.ru/wp-content/uploads/2022/03/zamena-tahodatchika.jpg]
[boshcare.ru/service/zamena-tahodatchika-v-stiralnoj-mashine-bosch/index.html]
[boshcare.ru/wp-json/oembed/1.0/embeda83f.json]
[boshcare.ru/wp-json/oembed/1.0/embed8b55]
[boshcare.ru/wp-content/uploads/2022/03/zamena-setevogo-shnura.jpg]
[boshcare.ru/service/zamena-setevogo-shnura-v-stiralnoj-mashine-bosch/index.html]
[boshcare.ru/wp-json/oembed/1.0/embed6e02.json]
[boshcare.ru/wp-json/oembed/1.0/embed767e]
[boshcare.ru/service/stiralnaya-mashina-bosch-rvet-veshchi/index.html]
[boshcare.ru/wp-content/uploads/2022/03/rvet-veshchi.jpg]
[boshcare.ru/wp-json/oembed/1.0/embed58f5.json]
[boshcare.ru/wp-json/oembed/1.0/embed5969]
[boshcare.ru/wp-content/uploads/2022/03/ne-otkryvaetsya.jpg]
[boshcare.ru/service/stiralnaya-mashina-bosch-ne-otkryvaetsya/index.html]
[boshcare.ru/wp-json/oembed/1.0/embed85de.json]
[boshcare.ru/wp-json/oembed/1.0/embed1ea4]
[boshcare.ru/wp-content/uploads/2022/03/zamena-shchetok.jpg]
[boshcare.ru/service/zamena-shchyotok-v-stiralnoj-mashine-bosch/index.html]
[boshcare.ru/wp-json/oembed/1.0/embed611c.json]
[boshcare.ru/wp-json/oembed/1.0/embed794a]
[boshcare.ru/wp-content/uploads/2022/03/ne-poloskaet.jpg]
[boshcare.ru/service/stiralnaya-mashina-bosch-ne-poloskaet/index.html]
[boshcare.ru/service/index.html]
[boshcare.ru/wp-content/uploads/2022/03/remont-bosch-serie-4-varioperfect-wlg20240oe.png]
[boshcare.ru/service/page/2/index.html]
[boshcare.ru/wp-json/oembed/1.0/embede1b0.json]
[boshcare.ru/wp-json/oembed/1.0/embedc2f9]
[boshcare.ru/model/bosch-serie-4-varioperfect-wlg20240oe/index.html]
[boshcare.ru/wp-content/uploads/2022/03/remont-bosch-wor-20153-oe.png]
[boshcare.ru/wp-json/oembed/1.0/embedb139.json]
[boshcare.ru/wp-json/oembed/1.0/embeda405]
[boshcare.ru/model/bosch-wor-20153-oe/index.html]
[boshcare.ru/wp-content/uploads/2022/03/remont-bosch-serie-4-wga254a1oe-1.png]
[boshcare.ru/wp-json/oembed/1.0/embed6f53.json]
[boshcare.ru/wp-json/oembed/1.0/embed54c8]
[boshcare.ru/model/bosch-serie-4-wga254a1oe/index.html]
[boshcare.ru/wp-content/uploads/2022/03/remont-bosch-serie-4-perfectcare-wha122w0oe.png]
[boshcare.ru/wp-json/oembed/1.0/embedd078.json]
[boshcare.ru/wp-json/oembed/1.0/embed954b]
[boshcare.ru/model/bosch-serie-4-perfectcare-wha122w0oe/index.html]
[boshcare.ru/wp-content/uploads/2022/03/remont-bosch-serie-4-wga242x6oe.png]
[boshcare.ru/wp-json/oembed/1.0/embedf87b.json]
[boshcare.ru/wp-json/oembed/1.0/embedc486]
[boshcare.ru/model/bosch-serie-4-wga242x6oe/index.html]
[boshcare.ru/wp-content/uploads/2022/03/remont-bosch-wlp20260oe.png]
[boshcare.ru/wp-json/oembed/1.0/embed48c1.json]
[boshcare.ru/wp-json/oembed/1.0/embed28bc]
[boshcare.ru/model/bosch-wlp20260oe/index.html]
[boshcare.ru/wp-content/uploads/2022/03/remont-bosch-wll24266oe.png]
[boshcare.ru/wp-json/oembed/1.0/embed857a.json]
[boshcare.ru/wp-json/oembed/1.0/embed0d38]
[boshcare.ru/model/bosch-wll24266oe/index.html]
[boshcare.ru/wp-content/uploads/2022/03/remont-bosch-serie-6-wat24442oe.png]
[boshcare.ru/wp-json/oembed/1.0/embed7ebf.json]
[boshcare.ru/wp-json/oembed/1.0/embed3c8b]
[boshcare.ru/model/bosch-serie-6-wat24442oe/index.html]
[boshcare.ru/wp-content/uploads/2022/03/remont-bosch-serie-4-wga254a0oe.png]
[boshcare.ru/wp-json/oembed/1.0/embedf79f.json]
[boshcare.ru/wp-json/oembed/1.0/embeda9cf]
[boshcare.ru/model/bosch-serie-4-wga254a0oe/index.html]
[boshcare.ru/wp-content/uploads/2022/03/remont-bosch-wll2426eoe.png]
[boshcare.ru/wp-json/oembed/1.0/embed9710.json]
[boshcare.ru/wp-json/oembed/1.0/embed495e]
[boshcare.ru/model/bosch-wll2426eoe/index.html]
[boshcare.ru/wp-content/uploads/2022/03/remont-bosch-serie-6-wat28461oe.png]
[boshcare.ru/wp-json/oembed/1.0/embed0491.json]
[boshcare.ru/wp-json/oembed/1.0/embed9de9]
[boshcare.ru/model/bosch-serie-6-wat28461oe/index.html]
[boshcare.ru/district/szao/index.html]
[boshcare.ru/district/medvedkovo/index.html]
[boshcare.ru/district/zhulebino/index.html]
[boshcare.ru/district/golyanovo/index.html]
[boshcare.ru/district/kuzminki/index.html]
[boshcare.ru/district/shchukinskaya/index.html]
[boshcare.ru/district/brateevo/index.html]
[boshcare.ru/district/yuzhnoe-butovo/index.html]
[boshcare.ru/district/mayakovskaya/index.html]
[boshcare.ru/district/cao/index.html]
[boshcare.ru/district/domodedovskaya/index.html]
[boshcare.ru/district/tulskaya/index.html]
[boshcare.ru/district/ryazanskij-prospekt/index.html]
[boshcare.ru/district/troparevo/index.html]
[boshcare.ru/district/rechnoj-vokzal/index.html]
[boshcare.ru/district/altufevo/index.html]
[boshcare.ru/service/remont-ruchki-lyuka-v-stiralnoj-mashine-bosch/index.html]
[boshcare.ru/service/zamena-petli-lyuka-v-stiralnoj-mashine-bosch/index.html]
[boshcare.ru/service/zamena-pompy-v-stiralnoj-mashine-bosch/index.html]
[boshcare.ru/service/zamena-manzhety-v-stiralnoj-mashine-bosch/index.html]
[boshcare.ru/service/remont-programmatora-stiralnoj-mashiny-bosch/index.html]
[boshcare.ru/rew/index.html]
[boshcare.ru/rew/page/2/index.html]
[boshcare.ru/model/bosch-serie-4-wga242xvoe/index.html]
[boshcare.ru/rew/evgenij-dmitrievich/index.html]
[boshcare.ru/rew/alyona/index.html]
[boshcare.ru/rew/viktor/index.html]
[boshcare.ru/model/bosch-serie-4-perfectcare-wha222xmoe/index.html]
[boshcare.ru/rew/denis-andreevich/index.html]
[boshcare.ru/rew/yura/index.html]
[boshcare.ru/model/bosch-wot24255oe/index.html]
[boshcare.ru/rew/irina-viktorovna/index.html]
[boshcare.ru/rew/darina/index.html]
[boshcare.ru/model/bosch-wot20255oe/index.html]
[boshcare.ru/model/bosch-wot-24455-oe/index.html]
[boshcare.ru/model/bosch-wor20155oe/index.html]
[boshcare.ru/model/bosch-wlp24261oe/index.html]
[boshcare.ru/model/bosch-wln24262oe/index.html]
[boshcare.ru/model/bosch-wll24267oe/index.html]
[boshcare.ru/model/bosch-wll24241oe/index.html]
[boshcare.ru/model/bosch-wll2416eoe/index.html]
[boshcare.ru/model/bosch-wll-24163-oe/index.html]
[boshcare.ru/model/bosch-wlk2426zoe/index.html]
[boshcare.ru/model/bosch-wlk2026eoe/index.html]
[boshcare.ru/wp-content/themes/repairbosch/images/pay_m.svg]
[boshcare.ru/wp-content/themes/repairbosch/images/pay_mc.svg]
[boshcare.ru/wp-content/themes/repairbosch/images/pay_v.svg]
[boshcare.ru/politika-konfidencialnosti/index.html]
[boshcare.ru/karta-sajta/index.html]
[wwwpromo.ru/index.html]
[boshcare.ru/wp-content/themes/repairbosch/js/jquery.fancybox.min.css]
[boshcare.ru/wp-content/themes/repairbosch/js/slick.css]
[fonts.gstatic.com/index.html]
[schema.org/index.html]
[boshcare.ru/category/akcii/index.html]
[boshcare.ru/skidka-10/index.html]
[boshcare.ru/skidka-15/index.html]
[boshcare.ru/wp-content/uploads/2021/12/slide5.svg]
[boshcare.ru/skidka-20/index.html]
[boshcare.ru/wp-content/uploads/2021/12/slide3.svg]
[boshcare.ru/district/konkovo/index.html]
[boshcare.ru/district/pervomajskaya/index.html]
[boshcare.ru/district/kaluzhskaya/index.html]
[boshcare.ru/district/marino/index.html]
[boshcare.ru/district/teplyj-stan/index.html]
[boshcare.ru/district/nekrasovka/index.html]
[boshcare.ru/district/sviblovo/index.html]
[boshcare.ru/district/ulica-akademika-yangelya/index.html]
[boshcare.ru/district/baumanskaya/index.html]
[boshcare.ru/district/biryulyovo-zapadnoe/index.html]
[boshcare.ru/district/sokolniki/index.html]
[boshcare.ru/wp-content/uploads/2022/01/Group-55686.svg]
[boshcare.ru/wp-content/uploads/2022/01/Group-55775.svg]
[boshcare.ru/district/caricyno/index.html]
[boshcare.ru/district/yuao/index.html]
[boshcare.ru/district/tekstilshchiki/index.html]
[boshcare.ru/district/akademicheskaya/index.html]
[boshcare.ru/district/novogireevo/index.html]
[boshcare.ru/district/zyuzino/index.html]
[boshcare.ru/district/nizhegorodskaya/index.html]
[boshcare.ru/district/krasnoselskaya/index.html]
[boshcare.ru/district/kurskaya/index.html]
[boshcare.ru/district/hovrino/index.html]
[boshcare.ru/district/belyaevo/index.html]
[boshcare.ru/district/novoperedelkino/index.html]
[boshcare.ru/district/biryulyovo-vostochnoe/index.html]
[boshcare.ru/district/prospekt-vernadskogo/index.html]
[boshcare.ru/district/prazhskaya/index.html]
[boshcare.ru/district/zao/index.html]
[boshcare.ru/district/yuvao/index.html]
[boshcare.ru/district/shchelkovskaya/index.html]
[boshcare.ru/district/novokosino/index.html]
[boshcare.ru/district/sao/index.html]
[boshcare.ru/district/bratislavskaya/index.html]
[boshcare.ru/district/chertanovskaya/index.html]
[boshcare.ru/district/otradnoe/index.html]
[boshcare.ru/district/svao/index.html]
[boshcare.ru/district/bulvar-rokossovskogo/index.html]
[boshcare.ru/district/vao/index.html]
[boshcare.ru/district/mitino/index.html]
[boshcare.ru/district/kolomenskaya/index.html]
[boshcare.ru/district/yasenevo/index.html]
[boshcare.ru/district/lyublino/index.html]
[boshcare.ru/district/severnoe-butovo/index.html]
[boshcare.ru/district/yuzao/index.html]
[boshcare.ru/district/babushkinskaya/index.html]
[boshcare.ru/district/borisovo/index.html]
[boshcare.ru/district/novye-cheremushki/index.html]
[boshcare.ru/district/yuzhnaya/index.html]
[boshcare.ru/district/aehroport/index.html]
[boshcare.ru/district/vyhino/index.html]
[boshcare.ru/district/kantemirovskaya/index.html]
[boshcare.ru/district/slavyanskij-bulvar/index.html]
[boshcare.ru/district/avtozavodskaya/index.html]
[boshcare.ru/model/bosch-wae-20164/index.html]
[boshcare.ru/model/bosch-wlg20265oe/index.html]
[boshcare.ru/model/remont-bosch-serie-4-wae24240oe/index.html]
[boshcare.ru/model/bosch-wat24442oe/index.html]
[boshcare.ru/model/bosch-serie-8-wav28ih1oe/index.html]
[boshcare.ru/model/bosch-homeprofessional-wax32dh1oe/index.html]
[boshcare.ru/model/bosch-wiw28540oe/index.html]
[boshcare.ru/model/bosch-wga242xvoe/index.html]
[boshcare.ru/model/bosch-wan28290oe/index.html]
[boshcare.ru/model/bosch-serie-4-perfectcare-wha122x1oe/index.html]
[boshcare.ru/model/bosch-serie-4-perfectcare-wha122xeoe/index.html]
[boshcare.ru/model/bosch-wax32dh1oe/index.html]
[boshcare.ru/model/bosch-serie-8-wav28gh1oe/index.html]
[boshcare.ru/model/bosch-serie-4-perfectcare-wha222w2oe/index.html]
[boshcare.ru/model/bosch-wan24290oe/index.html]
[boshcare.ru/model/bosch-wax32eh1oe/index.html]
[boshcare.ru/model/bosch-perfectcare-wha222x2oe/index.html]
[boshcare.ru/model/bosch-serie-6-wat286h2oe/index.html]
[boshcare.ru/model/bosch-wav28hh1oe/index.html]
[boshcare.ru/model/bosch-perfectcare-wha222x1oe/index.html]
[boshcare.ru/model/bosch-serie-8-wlw24m40oe/index.html]
[boshcare.ru/model/bosch-wan20060oe/index.html]
[boshcare.ru/model/bosch-wat286h2oe/index.html]
[boshcare.ru/model/bosch-serie-6-wlt24465oe/index.html]
[boshcare.ru/model/bosch-serie-4-perfectcare-wha222xeoe/index.html]
[boshcare.ru/model/bosch-wiw24340oe/index.html]
[boshcare.ru/model/bosch-perfectcare-wlp20265oe/index.html]
[boshcare.ru/model/bosch-wlg20160oe/index.html]
[boshcare.ru/model/bosch-wat28541oe/index.html]
[boshcare.ru/model/bosch-was-20443-oe/index.html]
[boshcare.ru/model/bosch-serie-4-wlg-24260-oe/index.html]
[boshcare.ru/model/bosch-perfectcare-wha122x1oe/index.html]
[boshcare.ru/model/bosch-serie-4-wll2416moe/index.html]
[boshcare.ru/model/bosch-serie-4-perfectcare-wlp2026moe/index.html]
[boshcare.ru/model/bosch-serie-4-wga242x5oe/index.html]
[boshcare.ru/model/bosch-serie-4-perfectcare-wha122xmoe/index.html]
[boshcare.ru/model/bosch-serie-6-wdu28590oe/index.html]
[boshcare.ru/model/bosch-serie-6-wlr245h2oe/index.html]
[boshcare.ru/model/bosch-serie-4-wga242x4oe/index.html]
[boshcare.ru/model/bosch-wav28gh1oe/index.html]
[boshcare.ru/model/bosch-wax32fh1oe/index.html]
[boshcare.ru/model/bosch-homeprofessional-wax32fh1oe/index.html]
[boshcare.ru/model/bosch-serie-4-perfectcare-wlp2026eoe/index.html]
[boshcare.ru/model/bosch-way3272moe/index.html]
[boshcare.ru/model/bosch-serie-8-wlw24m4hoe/index.html]
[boshcare.ru/model/bosch-wga142x6oe/index.html]
[boshcare.ru/model/bosch-serie-4-perfectcare-wha222x1oe/index.html]
[boshcare.ru/model/bosch-serie-8-wav28hh1oe/index.html]
[boshcare.ru/model/bosch-wha122w1oe/index.html]
[boshcare.ru/district/page/2/index.html]
[boshcare.ru/rew/medvedev-anton/index.html]
[boshcare.ru/rew/nikita-sergeevich/index.html]
[boshcare.ru/rew/dmitriy/index.html]
[indesitcare.ru/service/index.html]
[boshcare.ru/district/kozhuhovskaya/index.html]
[boshcare.ru/district/zyablikovo/index.html]
[boshcare.ru/district/sokol/index.html]
[boshcare.ru/service/page/2/index.html]
[boshcare.ru/rew/page/2/index.html]
[boshcare.ru/rew/alyona/index.html]
[boshcare.ru/rew/evgenij-dmitrievich/index.html]
[boshcare.ru/rew/viktor/index.html]
[boshcare.ru/rew/denis-andreevich/index.html]
[boshcare.ru/rew/yura/index.html]
[boshcare.ru/rew/irina-viktorovna/index.html]
[boshcare.ru/rew/darina/index.html]
[boshcare.ru/rew/medvedev-anton/index.html]
[boshcare.ru/rew/nikita-sergeevich/index.html]
[boshcare.ru/rew/dmitriy/index.html]
